---
source: rust/codec-lexical/tests/examples.rs
expression: article
snapshot_kind: text
---
{
  "type": "Article",
  "content": [
    {
      "type": "Heading",
      "level": 1,
      "content": [
        {
          "type": "Text",
          "value": {
            "string": "Welcome to the playground"
          }
        }
      ]
    },
    {
      "type": "QuoteBlock",
      "content": [
        {
          "type": "Paragraph",
          "content": [
            {
              "type": "Text",
              "value": {
                "string": "In case you were wondering what the black box at the bottom is â€“ it's the debug view, showing the current state of the editor. You can disable it by pressing on the settings control in the bottom-left of your screen and toggling the debug view setting."
              }
            }
          ]
        }
      ]
    },
    {
      "type": "Paragraph",
      "content": [
        {
          "type": "Text",
          "value": {
            "string": "The playground is a demo environment built with "
          }
        },
        {
          "type": "CodeInline",
          "code": {
            "string": "@lexical/react"
          }
        },
        {
          "type": "Text",
          "value": {
            "string": ". Try typing in "
          }
        },
        {
          "type": "Strong",
          "content": [
            {
              "type": "Text",
              "value": {
                "string": "some text"
              }
            }
          ]
        },
        {
          "type": "Text",
          "value": {
            "string": " with "
          }
        },
        {
          "type": "Emphasis",
          "content": [
            {
              "type": "Text",
              "value": {
                "string": "different"
              }
            }
          ]
        },
        {
          "type": "Text",
          "value": {
            "string": " formats."
          }
        }
      ]
    },
    {
      "type": "Paragraph",
      "content": [
        {
          "type": "Text",
          "value": {
            "string": "Make sure to check out the various plugins in the toolbar. You can also use "
          }
        },
        {
          "type": "Text",
          "value": {
            "string": "LOST HashTag"
          }
        },
        {
          "type": "Text",
          "value": {
            "string": " or @-mentions too!"
          }
        }
      ]
    },
    {
      "type": "Paragraph",
      "content": [
        {
          "type": "Text",
          "value": {
            "string": "If you'd like to find out more about Lexical, you can:"
          }
        }
      ]
    },
    {
      "type": "List",
      "items": [
        {
          "type": "ListItem",
          "content": [
            {
              "type": "Paragraph",
              "content": [
                {
                  "type": "Text",
                  "value": {
                    "string": "Visit the "
                  }
                },
                {
                  "type": "Text",
                  "value": {
                    "string": "LOST Link"
                  }
                },
                {
                  "type": "Text",
                  "value": {
                    "string": " for documentation and more information."
                  }
                }
              ]
            }
          ]
        },
        {
          "type": "ListItem",
          "content": [
            {
              "type": "Paragraph",
              "content": [
                {
                  "type": "Text",
                  "value": {
                    "string": "Check out the code on our "
                  }
                },
                {
                  "type": "Text",
                  "value": {
                    "string": "LOST Link"
                  }
                },
                {
                  "type": "Text",
                  "value": {
                    "string": "."
                  }
                }
              ]
            }
          ]
        },
        {
          "type": "ListItem",
          "content": [
            {
              "type": "Paragraph",
              "content": [
                {
                  "type": "Text",
                  "value": {
                    "string": "Playground code can be found "
                  }
                },
                {
                  "type": "Text",
                  "value": {
                    "string": "LOST Link"
                  }
                },
                {
                  "type": "Text",
                  "value": {
                    "string": "."
                  }
                }
              ]
            }
          ]
        },
        {
          "type": "ListItem",
          "content": [
            {
              "type": "Paragraph",
              "content": [
                {
                  "type": "Text",
                  "value": {
                    "string": "Join our "
                  }
                },
                {
                  "type": "Text",
                  "value": {
                    "string": "LOST Link"
                  }
                },
                {
                  "type": "Text",
                  "value": {
                    "string": " and chat with the team."
                  }
                }
              ]
            }
          ]
        }
      ],
      "order": "Unordered"
    },
    {
      "type": "Paragraph",
      "content": [
        {
          "type": "Text",
          "value": {
            "string": "Lastly, we're constantly adding cool new features to this playground. So make sure you check back here when you next get a chance ðŸ™‚."
          }
        }
      ]
    }
  ]
}
