---
source: rust/codec-lexical/tests/examples.rs
expression: info.losses
snapshot_kind: text
---
HashTag: 1
