---
source: rust/codec-lexical/tests/examples.rs
expression: redact(&lexical)
---
{
  "root": {
    "type": "root",
    "children": [
      {
        "type": "paragraph",
        "children": [
          {
            "type": "extended-text",
            "format": 0,
            "text": "A document for testing Stencila's integration with Ghost. This document is used as a test fixture, so be careful making changes because it is likely to affect those tests. "
          }
        ]
      },
      {
        "type": "paragraph",
        "children": [
          {
            "type": "extended-text",
            "format": 0,
            "text": "Paragraph with "
          },
          {
            "type": "extended-text",
            "format": 1,
            "text": "bold"
          },
          {
            "type": "extended-text",
            "format": 0,
            "text": " "
          },
          {
            "type": "extended-text",
            "format": 2,
            "text": "italic"
          },
          {
            "type": "extended-text",
            "format": 0,
            "text": " "
          },
          {
            "type": "extended-text",
            "format": 3,
            "text": "bold and italic"
          },
          {
            "type": "extended-text",
            "format": 0,
            "text": " "
          },
          {
            "type": "extended-text",
            "format": 4,
            "text": "strikethrough"
          },
          {
            "type": "extended-text",
            "format": 0,
            "text": " "
          },
          {
            "type": "extended-text",
            "format": 8,
            "text": "underline"
          },
          {
            "type": "extended-text",
            "format": 0,
            "text": " "
          },
          {
            "type": "extended-text",
            "format": 16,
            "text": "code"
          },
          {
            "type": "extended-text",
            "format": 0,
            "text": " "
          },
          {
            "type": "extended-text",
            "format": 32,
            "text": "subscript"
          },
          {
            "type": "extended-text",
            "format": 0,
            "text": " "
          },
          {
            "type": "extended-text",
            "format": 64,
            "text": "superscript"
          },
          {
            "type": "extended-text",
            "format": 0,
            "text": " "
          },
          {
            "type": "extended-text",
            "format": 0,
            "text": "highlight"
          },
          {
            "type": "extended-text",
            "format": 0,
            "text": " and a "
          },
          {
            "type": "extended-text",
            "format": 0,
            "text": "LOST Link"
          }
        ]
      },
      {
        "type": "extended-heading",
        "tag": "h1",
        "children": [
          {
            "type": "extended-text",
            "format": 0,
            "text": "Heading 1"
          }
        ]
      },
      {
        "type": "extended-heading",
        "tag": "h2",
        "children": [
          {
            "type": "extended-text",
            "format": 0,
            "text": "Heading 2"
          }
        ]
      },
      {
        "type": "extended-heading",
        "tag": "h3",
        "children": [
          {
            "type": "extended-text",
            "format": 0,
            "text": "Heading 3"
          }
        ]
      },
      {
        "type": "paragraph",
        "children": []
      },
      {
        "type": "extended-quote",
        "children": [
          {
            "type": "extended-text",
            "format": 0,
            "text": "A quote"
          }
        ]
      },
      {
        "type": "paragraph",
        "children": [
          {
            "type": "extended-text",
            "format": 0,
            "text": "LOST Unknown (aside)"
          }
        ]
      },
      {
        "type": "paragraph",
        "children": [
          {
            "type": "extended-text",
            "format": 0,
            "text": "LOST List"
          }
        ]
      },
      {
        "type": "paragraph",
        "children": [
          {
            "type": "extended-text",
            "format": 0,
            "text": "LOST List"
          }
        ]
      },
      {
        "type": "horizontalrule"
      },
      {
        "type": "image",
        "src": "https://stencila.ghost.io/content/images/2025/01/stencila-128.png"
      },
      {
        "type": "codeblock",
        "code": "print(\"Hello world\")",
        "language": "Python"
      },
      {
        "type": "markdown",
        "markdown": "| A   | B   |\n| --- | --- |\n| 1   | 2   |\n"
      },
      {
        "type": "html",
        "html": "<span>HTML card</span>"
      }
    ]
  }
}
