---
source: rust/codec-lexical/tests/examples.rs
expression: info.losses
---
{}
