---
source: rust/codec-lexical/tests/examples.rs
expression: redact(&lexical)
---
{
  "root": {
    "type": "root",
    "children": [
      {
        "type": "html",
        "html": "<stencila-paragraph id=xxx depth=0 ancestors=''><p slot=content><stencila-text id=xxx depth=1 ancestors=Paragraph>A document for testing Stencila&#x27;s integration with Ghost. This document is used as a test fixture, so be careful making changes because it is likely to affect those tests. </stencila-text></p></stencila-paragraph><stencila-paragraph id=xxx depth=0 ancestors=''><p slot=content><stencila-text id=xxx depth=1 ancestors=Paragraph>Paragraph with </stencila-text><stencila-strong id=xxx depth=1 ancestors=Paragraph><strong><stencila-text id=xxx depth=2 ancestors=Paragraph.Strong>bold</stencila-text></strong></stencila-strong><stencila-text id=xxx depth=1 ancestors=Paragraph> </stencila-text><stencila-emphasis id=xxx depth=1 ancestors=Paragraph><em><stencila-text id=xxx depth=2 ancestors=Paragraph.Emphasis>italic</stencila-text></em></stencila-emphasis><stencila-text id=xxx depth=1 ancestors=Paragraph> </stencila-text><stencila-emphasis id=xxx depth=1 ancestors=Paragraph><em><stencila-strong id=xxx depth=2 ancestors=Paragraph.Emphasis><strong><stencila-text id=xxx depth=3 ancestors=Paragraph.Emphasis.Strong>bold and italic</stencila-text></strong></stencila-strong></em></stencila-emphasis><stencila-text id=xxx depth=1 ancestors=Paragraph> </stencila-text><stencila-strikeout id=xxx depth=1 ancestors=Paragraph><s><stencila-text id=xxx depth=2 ancestors=Paragraph.Strikeout>strikethrough</stencila-text></s></stencila-strikeout><stencila-text id=xxx depth=1 ancestors=Paragraph> </stencila-text><stencila-underline id=xxx depth=1 ancestors=Paragraph><u><stencila-text id=xxx depth=2 ancestors=Paragraph.Underline>underline</stencila-text></u></stencila-underline><stencila-text id=xxx depth=1 ancestors=Paragraph> </stencila-text><stencila-code-inline id=xxx depth=1 ancestors=Paragraph code=code><code>code</code></stencila-code-inline><stencila-text id=xxx depth=1 ancestors=Paragraph> </stencila-text><stencila-subscript id=xxx depth=1 ancestors=Paragraph><sub><stencila-text id=xxx depth=2 ancestors=Paragraph.Subscript>subscript</stencila-text></sub></stencila-subscript><stencila-text id=xxx depth=1 ancestors=Paragraph> </stencila-text><stencila-superscript id=xxx depth=1 ancestors=Paragraph><sup><stencila-text id=xxx depth=2 ancestors=Paragraph.Superscript>superscript</stencila-text></sup></stencila-superscript><stencila-text id=xxx depth=1 ancestors=Paragraph> </stencila-text><stencila-text id=xxx depth=1 ancestors=Paragraph>highlight</stencila-text><stencila-text id=xxx depth=1 ancestors=Paragraph> and a </stencila-text><stencila-text id=xxx depth=1 ancestors=Paragraph>LOST Link</stencila-text></p></stencila-paragraph><stencila-heading id=xxx depth=0 ancestors='' level=1><h1 slot=content><stencila-text id=xxx depth=1 ancestors=Heading>Heading 1</stencila-text></h1></stencila-heading><stencila-heading id=xxx depth=0 ancestors='' level=2><h2 slot=content><stencila-text id=xxx depth=1 ancestors=Heading>Heading 2</stencila-text></h2></stencila-heading><stencila-heading id=xxx depth=0 ancestors='' level=3><h3 slot=content><stencila-text id=xxx depth=1 ancestors=Heading>Heading 3</stencila-text></h3></stencila-heading><stencila-paragraph id=xxx depth=0 ancestors=''></stencila-paragraph><stencila-quote-block id=xxx depth=0 ancestors=''><blockquote slot=content><stencila-paragraph id=xxx depth=1 ancestors=QuoteBlock><p slot=content><stencila-text id=xxx depth=2 ancestors=QuoteBlock.Paragraph>A quote</stencila-text></p></stencila-paragraph></blockquote></stencila-quote-block><stencila-paragraph id=xxx depth=0 ancestors=''><p slot=content><stencila-text id=xxx depth=1 ancestors=Paragraph>LOST Unknown (aside)</stencila-text></p></stencila-paragraph><stencila-paragraph id=xxx depth=0 ancestors=''><p slot=content><stencila-text id=xxx depth=1 ancestors=Paragraph>LOST List</stencila-text></p></stencila-paragraph><stencila-paragraph id=xxx depth=0 ancestors=''><p slot=content><stencila-text id=xxx depth=1 ancestors=Paragraph>LOST List</stencila-text></p></stencila-paragraph><stencila-thematic-break id=xxx depth=0 ancestors=''></stencila-thematic-break><stencila-image-object id=xxx depth=0 ancestors=''><img src=https://stencila.ghost.io/content/images/2025/01/stencila-128.png></img></stencila-image-object><stencila-code-block id=xxx depth=0 ancestors='' code='print(\"Hello world\")' programming-language=Python><pre><code>print(&quot;Hello world&quot;)</code></pre></stencila-code-block><stencila-table id=xxx depth=0 ancestors=''><table slot=rows><tr id=xxx depth=1 ancestors=Table><td id=xxx depth=2 ancestors=Table.TableRow><stencila-paragraph id=xxx depth=3 ancestors=Table.TableRow.TableCell><p slot=content><stencila-text id=xxx depth=4 ancestors=Table.TableRow.TableCell.Paragraph>A</stencila-text></p></stencila-paragraph></td><td id=xxx depth=2 ancestors=Table.TableRow><stencila-paragraph id=xxx depth=3 ancestors=Table.TableRow.TableCell><p slot=content><stencila-text id=xxx depth=4 ancestors=Table.TableRow.TableCell.Paragraph>B</stencila-text></p></stencila-paragraph></td></tr><tr id=xxx depth=1 ancestors=Table><td id=xxx depth=2 ancestors=Table.TableRow><stencila-paragraph id=xxx depth=3 ancestors=Table.TableRow.TableCell><p slot=content><stencila-text id=xxx depth=4 ancestors=Table.TableRow.TableCell.Paragraph>1</stencila-text></p></stencila-paragraph></td><td id=xxx depth=2 ancestors=Table.TableRow><stencila-paragraph id=xxx depth=3 ancestors=Table.TableRow.TableCell><p slot=content><stencila-text id=xxx depth=4 ancestors=Table.TableRow.TableCell.Paragraph>2</stencila-text></p></stencila-paragraph></td></tr></table></stencila-table><stencila-raw-block id=xxx depth=0 ancestors='' format=html content='&lt;span&gt;HTML card&lt;/span&gt;'><div slot=content><span>HTML card</span></div></stencila-raw-block>"
      }
    ]
  }
}
